C:\Pasta Rede\Ronaldo\Ronaldo\JAVA - DEVSUPERIOR\Coleção Java Spring\Java Spring Expert\Projetos\Capitulo 5\Desafio\Desafio DSMovie Jacoco\src\main\java\com\devsuperior\dsmovie\config\customgrant\CustomUserAuthorities.java
C:\Pasta Rede\Ronaldo\Ronaldo\JAVA - DEVSUPERIOR\Coleção Java Spring\Java Spring Expert\Projetos\Capitulo 5\Desafio\Desafio DSMovie Jacoco\src\main\java\com\devsuperior\dsmovie\entities\UserEntity.java
C:\Pasta Rede\Ronaldo\Ronaldo\JAVA - DEVSUPERIOR\Coleção Java Spring\Java Spring Expert\Projetos\Capitulo 5\Desafio\Desafio DSMovie Jacoco\src\main\java\com\devsuperior\dsmovie\entities\MovieEntity.java
C:\Pasta Rede\Ronaldo\Ronaldo\JAVA - DEVSUPERIOR\Coleção Java Spring\Java Spring Expert\Projetos\Capitulo 5\Desafio\Desafio DSMovie Jacoco\src\main\java\com\devsuperior\dsmovie\entities\RoleEntity.java
C:\Pasta Rede\Ronaldo\Ronaldo\JAVA - DEVSUPERIOR\Coleção Java Spring\Java Spring Expert\Projetos\Capitulo 5\Desafio\Desafio DSMovie Jacoco\src\main\java\com\devsuperior\dsmovie\services\exceptions\ResourceNotFoundException.java
C:\Pasta Rede\Ronaldo\Ronaldo\JAVA - DEVSUPERIOR\Coleção Java Spring\Java Spring Expert\Projetos\Capitulo 5\Desafio\Desafio DSMovie Jacoco\src\main\java\com\devsuperior\dsmovie\repositories\MovieRepository.java
C:\Pasta Rede\Ronaldo\Ronaldo\JAVA - DEVSUPERIOR\Coleção Java Spring\Java Spring Expert\Projetos\Capitulo 5\Desafio\Desafio DSMovie Jacoco\src\main\java\com\devsuperior\dsmovie\dto\FieldMessageDTO.java
C:\Pasta Rede\Ronaldo\Ronaldo\JAVA - DEVSUPERIOR\Coleção Java Spring\Java Spring Expert\Projetos\Capitulo 5\Desafio\Desafio DSMovie Jacoco\src\main\java\com\devsuperior\dsmovie\services\UserService.java
C:\Pasta Rede\Ronaldo\Ronaldo\JAVA - DEVSUPERIOR\Coleção Java Spring\Java Spring Expert\Projetos\Capitulo 5\Desafio\Desafio DSMovie Jacoco\src\main\java\com\devsuperior\dsmovie\projections\UserDetailsProjection.java
C:\Pasta Rede\Ronaldo\Ronaldo\JAVA - DEVSUPERIOR\Coleção Java Spring\Java Spring Expert\Projetos\Capitulo 5\Desafio\Desafio DSMovie Jacoco\src\main\java\com\devsuperior\dsmovie\repositories\ScoreRepository.java
C:\Pasta Rede\Ronaldo\Ronaldo\JAVA - DEVSUPERIOR\Coleção Java Spring\Java Spring Expert\Projetos\Capitulo 5\Desafio\Desafio DSMovie Jacoco\src\main\java\com\devsuperior\dsmovie\controllers\handlers\ControllerExceptionHandler.java
C:\Pasta Rede\Ronaldo\Ronaldo\JAVA - DEVSUPERIOR\Coleção Java Spring\Java Spring Expert\Projetos\Capitulo 5\Desafio\Desafio DSMovie Jacoco\src\main\java\com\devsuperior\dsmovie\utils\CustomUserUtil.java
C:\Pasta Rede\Ronaldo\Ronaldo\JAVA - DEVSUPERIOR\Coleção Java Spring\Java Spring Expert\Projetos\Capitulo 5\Desafio\Desafio DSMovie Jacoco\src\main\java\com\devsuperior\dsmovie\services\exceptions\DatabaseException.java
C:\Pasta Rede\Ronaldo\Ronaldo\JAVA - DEVSUPERIOR\Coleção Java Spring\Java Spring Expert\Projetos\Capitulo 5\Desafio\Desafio DSMovie Jacoco\src\main\java\com\devsuperior\dsmovie\DsmovieApplication.java
C:\Pasta Rede\Ronaldo\Ronaldo\JAVA - DEVSUPERIOR\Coleção Java Spring\Java Spring Expert\Projetos\Capitulo 5\Desafio\Desafio DSMovie Jacoco\src\main\java\com\devsuperior\dsmovie\services\MovieService.java
C:\Pasta Rede\Ronaldo\Ronaldo\JAVA - DEVSUPERIOR\Coleção Java Spring\Java Spring Expert\Projetos\Capitulo 5\Desafio\Desafio DSMovie Jacoco\src\main\java\com\devsuperior\dsmovie\config\AuthorizationServerConfig.java
C:\Pasta Rede\Ronaldo\Ronaldo\JAVA - DEVSUPERIOR\Coleção Java Spring\Java Spring Expert\Projetos\Capitulo 5\Desafio\Desafio DSMovie Jacoco\src\main\java\com\devsuperior\dsmovie\config\customgrant\CustomPasswordAuthenticationConverter.java
C:\Pasta Rede\Ronaldo\Ronaldo\JAVA - DEVSUPERIOR\Coleção Java Spring\Java Spring Expert\Projetos\Capitulo 5\Desafio\Desafio DSMovie Jacoco\src\main\java\com\devsuperior\dsmovie\config\ResourceServerConfig.java
C:\Pasta Rede\Ronaldo\Ronaldo\JAVA - DEVSUPERIOR\Coleção Java Spring\Java Spring Expert\Projetos\Capitulo 5\Desafio\Desafio DSMovie Jacoco\src\main\java\com\devsuperior\dsmovie\repositories\UserRepository.java
C:\Pasta Rede\Ronaldo\Ronaldo\JAVA - DEVSUPERIOR\Coleção Java Spring\Java Spring Expert\Projetos\Capitulo 5\Desafio\Desafio DSMovie Jacoco\src\main\java\com\devsuperior\dsmovie\dto\ScoreDTO.java
C:\Pasta Rede\Ronaldo\Ronaldo\JAVA - DEVSUPERIOR\Coleção Java Spring\Java Spring Expert\Projetos\Capitulo 5\Desafio\Desafio DSMovie Jacoco\src\main\java\com\devsuperior\dsmovie\config\customgrant\CustomPasswordAuthenticationProvider.java
C:\Pasta Rede\Ronaldo\Ronaldo\JAVA - DEVSUPERIOR\Coleção Java Spring\Java Spring Expert\Projetos\Capitulo 5\Desafio\Desafio DSMovie Jacoco\src\main\java\com\devsuperior\dsmovie\controllers\MovieController.java
C:\Pasta Rede\Ronaldo\Ronaldo\JAVA - DEVSUPERIOR\Coleção Java Spring\Java Spring Expert\Projetos\Capitulo 5\Desafio\Desafio DSMovie Jacoco\src\main\java\com\devsuperior\dsmovie\entities\ScoreEntityPK.java
C:\Pasta Rede\Ronaldo\Ronaldo\JAVA - DEVSUPERIOR\Coleção Java Spring\Java Spring Expert\Projetos\Capitulo 5\Desafio\Desafio DSMovie Jacoco\src\main\java\com\devsuperior\dsmovie\dto\CustomErrorDTO.java
C:\Pasta Rede\Ronaldo\Ronaldo\JAVA - DEVSUPERIOR\Coleção Java Spring\Java Spring Expert\Projetos\Capitulo 5\Desafio\Desafio DSMovie Jacoco\src\main\java\com\devsuperior\dsmovie\entities\ScoreEntity.java
C:\Pasta Rede\Ronaldo\Ronaldo\JAVA - DEVSUPERIOR\Coleção Java Spring\Java Spring Expert\Projetos\Capitulo 5\Desafio\Desafio DSMovie Jacoco\src\main\java\com\devsuperior\dsmovie\services\ScoreService.java
C:\Pasta Rede\Ronaldo\Ronaldo\JAVA - DEVSUPERIOR\Coleção Java Spring\Java Spring Expert\Projetos\Capitulo 5\Desafio\Desafio DSMovie Jacoco\src\main\java\com\devsuperior\dsmovie\controllers\ScoreController.java
C:\Pasta Rede\Ronaldo\Ronaldo\JAVA - DEVSUPERIOR\Coleção Java Spring\Java Spring Expert\Projetos\Capitulo 5\Desafio\Desafio DSMovie Jacoco\src\main\java\com\devsuperior\dsmovie\dto\ValidationErrorDTO.java
C:\Pasta Rede\Ronaldo\Ronaldo\JAVA - DEVSUPERIOR\Coleção Java Spring\Java Spring Expert\Projetos\Capitulo 5\Desafio\Desafio DSMovie Jacoco\src\main\java\com\devsuperior\dsmovie\config\customgrant\CustomPasswordAuthenticationToken.java
C:\Pasta Rede\Ronaldo\Ronaldo\JAVA - DEVSUPERIOR\Coleção Java Spring\Java Spring Expert\Projetos\Capitulo 5\Desafio\Desafio DSMovie Jacoco\src\main\java\com\devsuperior\dsmovie\dto\MovieDTO.java
