C:\Pasta Rede\Ronaldo\Ronaldo\JAVA - DEVSUPERIOR\Coleção Java Spring\Java Spring Expert\Projetos\Capitulo 5\Desafio\Desafio DSMovie Jacoco\src\test\java\com\devsuperior\dsmovie\services\UserServiceTests.java
C:\Pasta Rede\Ronaldo\Ronaldo\JAVA - DEVSUPERIOR\Coleção Java Spring\Java Spring Expert\Projetos\Capitulo 5\Desafio\Desafio DSMovie Jacoco\src\test\java\com\devsuperior\dsmovie\DsmovieApplicationTests.java
C:\Pasta Rede\Ronaldo\Ronaldo\JAVA - DEVSUPERIOR\Coleção Java Spring\Java Spring Expert\Projetos\Capitulo 5\Desafio\Desafio DSMovie Jacoco\src\test\java\com\devsuperior\dsmovie\tests\ScoreFactory.java
C:\Pasta Rede\Ronaldo\Ronaldo\JAVA - DEVSUPERIOR\Coleção Java Spring\Java Spring Expert\Projetos\Capitulo 5\Desafio\Desafio DSMovie Jacoco\src\test\java\com\devsuperior\dsmovie\services\MovieServiceTests.java
C:\Pasta Rede\Ronaldo\Ronaldo\JAVA - DEVSUPERIOR\Coleção Java Spring\Java Spring Expert\Projetos\Capitulo 5\Desafio\Desafio DSMovie Jacoco\src\test\java\com\devsuperior\dsmovie\tests\UserFactory.java
C:\Pasta Rede\Ronaldo\Ronaldo\JAVA - DEVSUPERIOR\Coleção Java Spring\Java Spring Expert\Projetos\Capitulo 5\Desafio\Desafio DSMovie Jacoco\src\test\java\com\devsuperior\dsmovie\tests\TokenUtil.java
C:\Pasta Rede\Ronaldo\Ronaldo\JAVA - DEVSUPERIOR\Coleção Java Spring\Java Spring Expert\Projetos\Capitulo 5\Desafio\Desafio DSMovie Jacoco\src\test\java\com\devsuperior\dsmovie\services\ScoreServiceTests.java
C:\Pasta Rede\Ronaldo\Ronaldo\JAVA - DEVSUPERIOR\Coleção Java Spring\Java Spring Expert\Projetos\Capitulo 5\Desafio\Desafio DSMovie Jacoco\src\test\java\com\devsuperior\dsmovie\tests\MovieFactory.java
C:\Pasta Rede\Ronaldo\Ronaldo\JAVA - DEVSUPERIOR\Coleção Java Spring\Java Spring Expert\Projetos\Capitulo 5\Desafio\Desafio DSMovie Jacoco\src\test\java\com\devsuperior\dsmovie\tests\UserDetailsFactory.java
